[0m19:37:06.040657 [debug] [MainThread]: Sending event: {'category': 'dbt', 'action': 'invocation', 'label': 'start', 'context': [<snowplow_tracker.self_describing_json.SelfDescribingJson object at 0x0000023916E49300>, <snowplow_tracker.self_describing_json.SelfDescribingJson object at 0x00000239183905E0>, <snowplow_tracker.self_describing_json.SelfDescribingJson object at 0x0000023918390400>]}


============================== 19:37:06.054240 | 413c7dce-77b0-457c-9ac6-bdd90150f233 ==============================
[0m19:37:06.054240 [info ] [MainThread]: Running with dbt=1.12.3
[0m19:37:06.056248 [debug] [MainThread]: running dbt with arguments {'maximum_seed_size_mib': '1', 'no_print': 'None', 'static_parser': 'True', 'warn_error_options': 'WarnErrorOptionsV2(error=[], warn=[], silence=[])', 'target_path': 'None', 'version_check': 'True', 'printer_width': '80', 'write_json': 'True', 'introspect': 'True', 'log_cache_events': 'False', 'empty': 'None', 'cache_selected_only': 'False', 'log_format': 'default', 'debug': 'False', 'fail_fast': 'False', 'profiles_dir': 'C:\\Users\\EUG\\.dbt', 'send_anonymous_usage_stats': 'True', 'quiet': 'False', 'warn_error': 'None', 'partial_parse': 'True', 'indirect_selection': 'eager', 'hints_enabled': 'True', 'invocation_command': 'dbt init tembo_analytics', 'use_experimental_parser': 'False', 'use_colors': 'True', 'log_path': 'logs'}
[0m19:37:06.147851 [debug] [MainThread]: Starter project path: C:\Users\EUG\Desktop\Dbt_Projects\Project-B\dbt-env\lib\site-packages\dbt\include\starter_project
[0m19:37:06.388782 [info ] [MainThread]: Setting up your profile.
[0m19:37:18.000725 [debug] [MainThread]: Snowflake adapter: Setting snowflake.connector to ERROR (file logging only)
[0m19:37:18.006242 [debug] [MainThread]: Snowflake adapter: Setting botocore to ERROR (file logging only)
[0m19:37:18.008244 [debug] [MainThread]: Snowflake adapter: Setting boto3 to ERROR (file logging only)
[0m19:42:40.358221 [info ] [MainThread]: Profile tembo_analytics written to C:\Users\EUG\.dbt\profiles.yml using target's profile_template.yml and your supplied values.
[0m19:42:40.372346 [info ] [MainThread]: Running dbt debug to validate the project...
[0m19:42:40.374880 [info ] [MainThread]: dbt version: 1.12.3
[0m19:42:40.376883 [info ] [MainThread]: python version: 3.10.0
[0m19:42:40.380507 [info ] [MainThread]: python path: C:\Users\EUG\Desktop\Dbt_Projects\Project-B\dbt-env\Scripts\python.exe
[0m19:42:40.382507 [info ] [MainThread]: os info: Windows-10-10.0.22631-SP0
[0m19:42:40.595294 [info ] [MainThread]: Using profiles dir at C:\Users\EUG\.dbt
[0m19:42:40.596291 [info ] [MainThread]: Using profiles.yml file at C:\Users\EUG\.dbt\profiles.yml
[0m19:42:40.598283 [info ] [MainThread]: Using dbt_project.yml file at C:\Users\EUG\Desktop\Dbt_Projects\Project-B\tembo_analytics\dbt_project.yml
[0m19:42:40.601316 [info ] [MainThread]: adapter type: snowflake
[0m19:42:40.602329 [info ] [MainThread]: adapter version: 1.12.0
[0m19:42:40.849467 [info ] [MainThread]: Configuration:
[0m19:42:40.850465 [info ] [MainThread]:   profiles.yml file [[32mOK found and valid[0m]
[0m19:42:40.850973 [info ] [MainThread]:   dbt_project.yml file [[32mOK found and valid[0m]
[0m19:42:40.851973 [info ] [MainThread]: Required dependencies:
[0m19:42:40.852971 [debug] [MainThread]: Executing "git --help"
[0m19:42:41.536546 [debug] [MainThread]: STDOUT: "b"usage: git [-v | --version] [-h | --help] [-C <path>] [-c <name>=<value>]\n           [--exec-path[=<path>]] [--html-path] [--man-path] [--info-path]\n           [-p | --paginate | -P | --no-pager] [--no-replace-objects] [--no-lazy-fetch]\n           [--no-optional-locks] [--no-advice] [--bare] [--git-dir=<path>]\n           [--work-tree=<path>] [--namespace=<name>] [--config-env=<name>=<envvar>]\n           <command> [<args>]\n\nThese are common Git commands used in various situations:\n\nstart a working area (see also: git help tutorial)\n   clone      Clone a repository into a new directory\n   init       Create an empty Git repository or reinitialize an existing one\n\nwork on the current change (see also: git help everyday)\n   add        Add file contents to the index\n   mv         Move or rename a file, a directory, or a symlink\n   restore    Restore working tree files\n   rm         Remove files from the working tree and from the index\n\nexamine the history and state (see also: git help revisions)\n   bisect     Use binary search to find the commit that introduced a bug\n   diff       Show changes between commits, commit and working tree, etc\n   grep       Print lines matching a pattern\n   log        Show commit logs\n   show       Show various types of objects\n   status     Show the working tree status\n\ngrow, mark and tweak your common history\n   backfill   Download missing objects in a partial clone\n   branch     List, create, or delete branches\n   commit     Record changes to the repository\n   history    EXPERIMENTAL: Rewrite history\n   merge      Join two or more development histories together\n   rebase     Reapply commits on top of another base tip\n   reset      Set `HEAD` or the index to a known state\n   switch     Switch branches\n   tag        Create, list, delete or verify tags\n\ncollaborate (see also: git help workflows)\n   fetch      Download objects and refs from another repository\n   pull       Fetch from and integrate with another repository or a local branch\n   push       Update remote refs along with associated objects\n\n'git help -a' and 'git help -g' list available subcommands and some\nconcept guides. See 'git help <command>' or 'git help <concept>'\nto read about a specific subcommand or concept.\nSee 'git help git' for an overview of the system.\n""
[0m19:42:41.537542 [debug] [MainThread]: STDERR: "b''"
[0m19:42:41.538539 [info ] [MainThread]:  - git [[32mOK found[0m]

[0m19:42:41.539537 [info ] [MainThread]: Connection:
[0m19:42:41.539537 [info ] [MainThread]:   account: ULARETA-BH89577
[0m19:42:41.540534 [info ] [MainThread]:   user: tembo_user                          
[0m19:42:41.541577 [info ] [MainThread]:   database: tembo_analytics
[0m19:42:41.542575 [info ] [MainThread]:   warehouse: tembo_house
[0m19:42:41.542575 [info ] [MainThread]:   role: tembo_role
[0m19:42:41.544074 [info ] [MainThread]:   schema: public
[0m19:42:41.546092 [info ] [MainThread]:   authenticator: None
[0m19:42:41.547094 [info ] [MainThread]:   oauth_client_id: None
[0m19:42:41.548091 [info ] [MainThread]:   query_tag: None
[0m19:42:41.549093 [info ] [MainThread]:   client_session_keep_alive: False
[0m19:42:41.550089 [info ] [MainThread]:   host: None
[0m19:42:41.552191 [info ] [MainThread]:   port: None
[0m19:42:41.554693 [info ] [MainThread]:   proxy_host: None
[0m19:42:41.557133 [info ] [MainThread]:   proxy_port: None
[0m19:42:41.558128 [info ] [MainThread]:   protocol: None
[0m19:42:41.559126 [info ] [MainThread]:   connect_retries: 1
[0m19:42:41.560125 [info ] [MainThread]:   connect_timeout: None
[0m19:42:41.561637 [info ] [MainThread]:   retry_on_database_errors: False
[0m19:42:41.562634 [info ] [MainThread]:   retry_all: False
[0m19:42:41.564143 [info ] [MainThread]:   insecure_mode: False
[0m19:42:41.565164 [info ] [MainThread]:   reuse_connections: True
[0m19:42:41.569196 [info ] [MainThread]:   s3_stage_vpce_dns_name: None
[0m19:42:41.570678 [info ] [MainThread]:   workload_identity_provider: None
[0m19:42:41.619063 [info ] [MainThread]:   workload_identity_entra_resource: None
[0m19:42:41.695938 [info ] [MainThread]:   platform_detection_timeout_seconds: 0.0
[0m19:42:41.711549 [info ] [MainThread]: Registered adapter: snowflake=1.12.0
[0m19:42:42.316787 [debug] [MainThread]: Acquiring new snowflake connection 'debug'
[0m19:42:42.321313 [debug] [MainThread]: Using snowflake connection "debug"
[0m19:42:42.321313 [debug] [MainThread]: On debug: select 1 as id
[0m19:42:42.322309 [debug] [MainThread]: Opening a new connection, currently in state init
[0m19:42:54.956321 [debug] [MainThread]: Snowflake adapter: Error running SQL: select 1 as id
[0m19:42:54.957319 [debug] [MainThread]: Snowflake adapter: Rolling back transaction.
[0m19:42:54.957319 [info ] [MainThread]:   Connection test: [[31mERROR[0m]

[0m19:42:54.958316 [info ] [MainThread]: [31m1 check failed:[0m
[0m19:42:54.959312 [info ] [MainThread]: dbt was unable to connect to the specified database.
The database returned the following error:

  >Database Error
  390100 (28000): Failed to connect to DB: ULARETA-BH89577.snowflakecomputing.com:443. Incorrect username or password was specified. [ee7f2a23-9ebb-416e-b959-413605b8de95]

Check your database credentials and try again. For more information, visit:
https://docs.getdbt.com/docs/configure-your-profile


[0m19:42:54.960310 [info ] [MainThread]: Your new dbt project "tembo_analytics" was created!
Initialized new project in C:\Users\EUG\Desktop\Dbt_Projects\Project-B\tembo_analytics\tembo_analytics

For more information on how to configure the profiles.yml file,
please consult the dbt documentation here:

  https://docs.getdbt.com/docs/configure-your-profile

One more thing:

Need help? Don't hesitate to reach out to us via GitHub issues or on Slack:

  https://community.getdbt.com/

Happy modeling!

[0m19:42:54.961349 [info ] [MainThread]: [31mYour profile may need adjustments. You can find the logs of `dbt debug` above[0m
[0m19:42:54.963855 [debug] [MainThread]: Command `dbt init` succeeded at 19:42:54.963855 after 350.15 seconds
[0m19:42:54.964877 [debug] [MainThread]: Connection 'debug' was left open.
[0m19:42:54.964877 [debug] [MainThread]: On debug: No close available on handle
[0m19:42:54.966077 [debug] [MainThread]: Sending event: {'category': 'dbt', 'action': 'invocation', 'label': 'end', 'context': [<snowplow_tracker.self_describing_json.SelfDescribingJson object at 0x0000023916E49300>, <snowplow_tracker.self_describing_json.SelfDescribingJson object at 0x00000239183903A0>, <snowplow_tracker.self_describing_json.SelfDescribingJson object at 0x00000239182A5060>]}
[0m19:42:54.967078 [debug] [MainThread]: Flushing usage events
[0m19:42:56.573797 [debug] [MainThread]: An error was encountered while trying to flush usage events
[0m19:43:22.345791 [debug] [MainThread]: Sending event: {'category': 'dbt', 'action': 'invocation', 'label': 'start', 'context': [<snowplow_tracker.self_describing_json.SelfDescribingJson object at 0x000001E46B535360>, <snowplow_tracker.self_describing_json.SelfDescribingJson object at 0x000001E46CA80640>, <snowplow_tracker.self_describing_json.SelfDescribingJson object at 0x000001E46CA80460>]}


============================== 19:43:22.353944 | 509fd22c-43ad-4cdc-a9b4-9a1de285862d ==============================
[0m19:43:22.353944 [info ] [MainThread]: Running with dbt=1.12.3
[0m19:43:22.354964 [debug] [MainThread]: running dbt with arguments {'version_check': 'True', 'no_print': 'None', 'static_parser': 'True', 'warn_error_options': 'WarnErrorOptionsV2(error=[], warn=[], silence=[])', 'target_path': 'None', 'maximum_seed_size_mib': '1', 'printer_width': '80', 'write_json': 'True', 'empty': 'None', 'log_cache_events': 'False', 'introspect': 'True', 'cache_selected_only': 'False', 'fail_fast': 'False', 'debug': 'False', 'log_format': 'default', 'profiles_dir': 'C:\\Users\\EUG\\.dbt', 'send_anonymous_usage_stats': 'True', 'quiet': 'False', 'warn_error': 'None', 'partial_parse': 'True', 'indirect_selection': 'eager', 'hints_enabled': 'True', 'invocation_command': 'dbt debug', 'use_experimental_parser': 'False', 'use_colors': 'True', 'log_path': 'logs'}
[0m19:43:22.405845 [info ] [MainThread]: dbt version: 1.12.3
[0m19:43:22.406843 [info ] [MainThread]: python version: 3.10.0
[0m19:43:22.407840 [info ] [MainThread]: python path: C:\Users\EUG\Desktop\Dbt_Projects\Project-B\dbt-env\Scripts\python.exe
[0m19:43:22.408839 [info ] [MainThread]: os info: Windows-10-10.0.22631-SP0
[0m19:43:23.328774 [debug] [MainThread]: Snowflake adapter: Setting snowflake.connector to ERROR (file logging only)
[0m19:43:23.328774 [debug] [MainThread]: Snowflake adapter: Setting botocore to ERROR (file logging only)
[0m19:43:23.330324 [debug] [MainThread]: Snowflake adapter: Setting boto3 to ERROR (file logging only)
[0m19:43:23.577056 [info ] [MainThread]: Using profiles dir at C:\Users\EUG\.dbt
[0m19:43:23.578562 [info ] [MainThread]: Using profiles.yml file at C:\Users\EUG\.dbt\profiles.yml
[0m19:43:23.580572 [info ] [MainThread]: Using dbt_project.yml file at C:\Users\EUG\Desktop\Dbt_Projects\Project-B\dbt_project.yml
[0m19:43:23.582082 [error] [MainThread]: [[31mERROR[0m]: Encountered an error:
Internal Error
  Profile should not be None if loading profile completed
[0m19:43:23.586112 [debug] [MainThread]: Command `dbt debug` failed at 19:43:23.585115 after 1.43 seconds
[0m19:43:23.587114 [debug] [MainThread]: Sending event: {'category': 'dbt', 'action': 'invocation', 'label': 'end', 'context': [<snowplow_tracker.self_describing_json.SelfDescribingJson object at 0x000001E46B535360>, <snowplow_tracker.self_describing_json.SelfDescribingJson object at 0x000001E46CA1A200>, <snowplow_tracker.self_describing_json.SelfDescribingJson object at 0x000001E46CA3C430>]}
[0m19:43:23.588113 [debug] [MainThread]: Flushing usage events
[0m19:43:26.532726 [debug] [MainThread]: An error was encountered while trying to flush usage events
[0m19:43:54.280152 [debug] [MainThread]: Sending event: {'category': 'dbt', 'action': 'invocation', 'label': 'start', 'context': [<snowplow_tracker.self_describing_json.SelfDescribingJson object at 0x000001B14C725360>, <snowplow_tracker.self_describing_json.SelfDescribingJson object at 0x000001B14DC70640>, <snowplow_tracker.self_describing_json.SelfDescribingJson object at 0x000001B14DC70460>]}


============================== 19:43:54.288727 | b7b2445f-581d-4658-8215-794d241918ca ==============================
[0m19:43:54.288727 [info ] [MainThread]: Running with dbt=1.12.3
[0m19:43:54.291790 [debug] [MainThread]: running dbt with arguments {'static_parser': 'True', 'no_print': 'None', 'maximum_seed_size_mib': '1', 'target_path': 'None', 'warn_error_options': 'WarnErrorOptionsV2(error=[], warn=[], silence=[])', 'version_check': 'True', 'printer_width': '80', 'write_json': 'True', 'introspect': 'True', 'log_cache_events': 'False', 'empty': 'None', 'cache_selected_only': 'False', 'log_format': 'default', 'debug': 'False', 'fail_fast': 'False', 'partial_parse': 'True', 'send_anonymous_usage_stats': 'True', 'quiet': 'False', 'warn_error': 'None', 'profiles_dir': 'C:\\Users\\EUG\\.dbt', 'use_colors': 'True', 'hints_enabled': 'True', 'indirect_selection': 'eager', 'use_experimental_parser': 'False', 'invocation_command': 'dbt init tembo_analytics', 'log_path': 'logs'}
[0m19:43:54.379154 [info ] [MainThread]: A project called tembo_analytics already exists here.
[0m19:43:54.421730 [debug] [MainThread]: Command `dbt init` succeeded at 19:43:54.421730 after 0.36 seconds
[0m19:43:54.424230 [debug] [MainThread]: Sending event: {'category': 'dbt', 'action': 'invocation', 'label': 'end', 'context': [<snowplow_tracker.self_describing_json.SelfDescribingJson object at 0x000001B14C725360>, <snowplow_tracker.self_describing_json.SelfDescribingJson object at 0x000001B14DC70C70>, <snowplow_tracker.self_describing_json.SelfDescribingJson object at 0x000001B14DC70CD0>]}
[0m19:43:54.429228 [debug] [MainThread]: Flushing usage events
[0m19:43:56.574348 [debug] [MainThread]: An error was encountered while trying to flush usage events
[0m19:48:09.424976 [debug] [MainThread]: Sending event: {'category': 'dbt', 'action': 'invocation', 'label': 'start', 'context': [<snowplow_tracker.self_describing_json.SelfDescribingJson object at 0x0000019653435390>, <snowplow_tracker.self_describing_json.SelfDescribingJson object at 0x00000196549805E0>, <snowplow_tracker.self_describing_json.SelfDescribingJson object at 0x0000019654980400>]}


============================== 19:48:09.430644 | 2317681b-4c32-4eb0-ad97-b208000087d8 ==============================
[0m19:48:09.430644 [info ] [MainThread]: Running with dbt=1.12.3
[0m19:48:09.431646 [debug] [MainThread]: running dbt with arguments {'maximum_seed_size_mib': '1', 'no_print': 'None', 'static_parser': 'True', 'warn_error_options': 'WarnErrorOptionsV2(error=[], warn=[], silence=[])', 'version_check': 'True', 'target_path': 'None', 'printer_width': '80', 'write_json': 'True', 'empty': 'None', 'log_cache_events': 'False', 'introspect': 'True', 'cache_selected_only': 'False', 'log_format': 'default', 'debug': 'False', 'fail_fast': 'False', 'partial_parse': 'True', 'send_anonymous_usage_stats': 'True', 'quiet': 'False', 'warn_error': 'None', 'profiles_dir': 'C:\\Users\\EUG\\.dbt', 'invocation_command': 'dbt debug', 'hints_enabled': 'True', 'use_colors': 'True', 'use_experimental_parser': 'False', 'indirect_selection': 'eager', 'log_path': 'logs'}
[0m19:48:09.478987 [info ] [MainThread]: dbt version: 1.12.3
[0m19:48:09.479984 [info ] [MainThread]: python version: 3.10.0
[0m19:48:09.481437 [info ] [MainThread]: python path: C:\Users\EUG\Desktop\Dbt_Projects\Project-B\dbt-env\Scripts\python.exe
[0m19:48:09.481437 [info ] [MainThread]: os info: Windows-10-10.0.22631-SP0
[0m19:48:10.282547 [debug] [MainThread]: Snowflake adapter: Setting snowflake.connector to ERROR (file logging only)
[0m19:48:10.285091 [debug] [MainThread]: Snowflake adapter: Setting botocore to ERROR (file logging only)
[0m19:48:10.286088 [debug] [MainThread]: Snowflake adapter: Setting boto3 to ERROR (file logging only)
[0m19:48:10.536761 [info ] [MainThread]: Using profiles dir at C:\Users\EUG\.dbt
[0m19:48:10.537722 [info ] [MainThread]: Using profiles.yml file at C:\Users\EUG\.dbt\profiles.yml
[0m19:48:10.538718 [info ] [MainThread]: Using dbt_project.yml file at C:\Users\EUG\Desktop\Dbt_Projects\Project-B\dbt_project.yml
[0m19:48:10.538718 [error] [MainThread]: [[31mERROR[0m]: Encountered an error:
Internal Error
  Profile should not be None if loading profile completed
[0m19:48:10.541246 [debug] [MainThread]: Command `dbt debug` failed at 19:48:10.541246 after 1.33 seconds
[0m19:48:10.542280 [debug] [MainThread]: Sending event: {'category': 'dbt', 'action': 'invocation', 'label': 'end', 'context': [<snowplow_tracker.self_describing_json.SelfDescribingJson object at 0x0000019653435390>, <snowplow_tracker.self_describing_json.SelfDescribingJson object at 0x0000019656B21E10>, <snowplow_tracker.self_describing_json.SelfDescribingJson object at 0x0000019656B22E30>]}
[0m19:48:10.542280 [debug] [MainThread]: Flushing usage events
[0m19:48:13.112471 [debug] [MainThread]: An error was encountered while trying to flush usage events
[0m19:50:51.153092 [debug] [MainThread]: Sending event: {'category': 'dbt', 'action': 'invocation', 'label': 'start', 'context': [<snowplow_tracker.self_describing_json.SelfDescribingJson object at 0x000001701ED25330>, <snowplow_tracker.self_describing_json.SelfDescribingJson object at 0x00000170202705B0>, <snowplow_tracker.self_describing_json.SelfDescribingJson object at 0x00000170202703D0>]}


============================== 19:50:51.159087 | fc3e7040-465d-4c95-8ef1-4a0549dfa9d9 ==============================
[0m19:50:51.159087 [info ] [MainThread]: Running with dbt=1.12.3
[0m19:50:51.160591 [debug] [MainThread]: running dbt with arguments {'static_parser': 'True', 'no_print': 'None', 'version_check': 'True', 'target_path': 'None', 'warn_error_options': 'WarnErrorOptionsV2(error=[], warn=[], silence=[])', 'maximum_seed_size_mib': '1', 'printer_width': '80', 'write_json': 'True', 'introspect': 'True', 'log_cache_events': 'False', 'empty': 'None', 'cache_selected_only': 'False', 'fail_fast': 'False', 'debug': 'False', 'log_format': 'default', 'profiles_dir': 'C:\\Users\\EUG\\.dbt', 'send_anonymous_usage_stats': 'True', 'quiet': 'False', 'warn_error': 'None', 'partial_parse': 'True', 'indirect_selection': 'eager', 'hints_enabled': 'True', 'use_colors': 'True', 'use_experimental_parser': 'False', 'invocation_command': 'dbt debug', 'log_path': 'logs'}
[0m19:50:51.211802 [info ] [MainThread]: dbt version: 1.12.3
[0m19:50:51.212798 [info ] [MainThread]: python version: 3.10.0
[0m19:50:51.214301 [info ] [MainThread]: python path: C:\Users\EUG\Desktop\Dbt_Projects\Project-B\dbt-env\Scripts\python.exe
[0m19:50:51.215304 [info ] [MainThread]: os info: Windows-10-10.0.22631-SP0
[0m19:50:52.110252 [debug] [MainThread]: Snowflake adapter: Setting snowflake.connector to ERROR (file logging only)
[0m19:50:52.110795 [debug] [MainThread]: Snowflake adapter: Setting botocore to ERROR (file logging only)
[0m19:50:52.111833 [debug] [MainThread]: Snowflake adapter: Setting boto3 to ERROR (file logging only)
[0m19:50:52.382766 [info ] [MainThread]: Using profiles dir at C:\Users\EUG\.dbt
[0m19:50:52.383726 [info ] [MainThread]: Using profiles.yml file at C:\Users\EUG\.dbt\profiles.yml
[0m19:50:52.384742 [info ] [MainThread]: Using dbt_project.yml file at C:\Users\EUG\Desktop\Dbt_Projects\Project-B\dbt_project.yml
[0m19:50:52.387219 [error] [MainThread]: [[31mERROR[0m]: Encountered an error:
Internal Error
  Profile should not be None if loading profile completed
[0m19:50:52.389252 [debug] [MainThread]: Command `dbt debug` failed at 19:50:52.388217 after 1.45 seconds
[0m19:50:52.389252 [debug] [MainThread]: Sending event: {'category': 'dbt', 'action': 'invocation', 'label': 'end', 'context': [<snowplow_tracker.self_describing_json.SelfDescribingJson object at 0x000001701ED25330>, <snowplow_tracker.self_describing_json.SelfDescribingJson object at 0x000001701F606AD0>, <snowplow_tracker.self_describing_json.SelfDescribingJson object at 0x00000170220C5B10>]}
[0m19:50:52.390791 [debug] [MainThread]: Flushing usage events
[0m19:50:53.941464 [debug] [MainThread]: An error was encountered while trying to flush usage events
[0m19:51:11.712799 [debug] [MainThread]: Sending event: {'category': 'dbt', 'action': 'invocation', 'label': 'start', 'context': [<snowplow_tracker.self_describing_json.SelfDescribingJson object at 0x0000028D649C5360>, <snowplow_tracker.self_describing_json.SelfDescribingJson object at 0x0000028D65F10640>, <snowplow_tracker.self_describing_json.SelfDescribingJson object at 0x0000028D65F10460>]}


============================== 19:51:11.718271 | ae236266-a894-4e64-a846-30918e9ff465 ==============================
[0m19:51:11.718271 [info ] [MainThread]: Running with dbt=1.12.3
[0m19:51:11.719268 [debug] [MainThread]: running dbt with arguments {'version_check': 'True', 'no_print': 'None', 'static_parser': 'True', 'target_path': 'None', 'maximum_seed_size_mib': '1', 'warn_error_options': 'WarnErrorOptionsV2(error=[], warn=[], silence=[])', 'printer_width': '80', 'write_json': 'True', 'empty': 'None', 'log_cache_events': 'False', 'introspect': 'True', 'cache_selected_only': 'False', 'fail_fast': 'False', 'debug': 'False', 'log_format': 'default', 'profiles_dir': 'C:\\Users\\EUG\\.dbt', 'send_anonymous_usage_stats': 'True', 'quiet': 'False', 'warn_error': 'None', 'partial_parse': 'True', 'invocation_command': 'dbt init tembo_analytics', 'hints_enabled': 'True', 'indirect_selection': 'eager', 'use_experimental_parser': 'False', 'use_colors': 'True', 'log_path': 'logs'}
[0m19:51:11.762480 [info ] [MainThread]: A project called tembo_analytics already exists here.
[0m19:51:11.763988 [debug] [MainThread]: Command `dbt init` succeeded at 19:51:11.763988 after 0.24 seconds
[0m19:51:11.765039 [debug] [MainThread]: Sending event: {'category': 'dbt', 'action': 'invocation', 'label': 'end', 'context': [<snowplow_tracker.self_describing_json.SelfDescribingJson object at 0x0000028D649C5360>, <snowplow_tracker.self_describing_json.SelfDescribingJson object at 0x0000028D65F10C70>, <snowplow_tracker.self_describing_json.SelfDescribingJson object at 0x0000028D65F10CD0>]}
[0m19:51:11.767185 [debug] [MainThread]: Flushing usage events
[0m19:51:13.241651 [debug] [MainThread]: An error was encountered while trying to flush usage events
[0m20:02:55.643619 [debug] [MainThread]: Sending event: {'category': 'dbt', 'action': 'invocation', 'label': 'start', 'context': [<snowplow_tracker.self_describing_json.SelfDescribingJson object at 0x0000026F8DAA92A0>, <snowplow_tracker.self_describing_json.SelfDescribingJson object at 0x0000026F8EFD4400>, <snowplow_tracker.self_describing_json.SelfDescribingJson object at 0x0000026F8EFD4220>]}


============================== 20:02:55.649063 | 490ff2d7-d9c1-4f41-b901-a42fb4cc2daf ==============================
[0m20:02:55.649063 [info ] [MainThread]: Running with dbt=1.12.3
[0m20:02:55.650571 [debug] [MainThread]: running dbt with arguments {'version_check': 'True', 'no_print': 'None', 'static_parser': 'True', 'warn_error_options': 'WarnErrorOptionsV2(error=[], warn=[], silence=[])', 'target_path': 'None', 'maximum_seed_size_mib': '1', 'printer_width': '80', 'write_json': 'True', 'empty': 'None', 'log_cache_events': 'False', 'introspect': 'True', 'cache_selected_only': 'False', 'fail_fast': 'False', 'debug': 'False', 'log_format': 'default', 'partial_parse': 'True', 'send_anonymous_usage_stats': 'True', 'quiet': 'False', 'warn_error': 'None', 'profiles_dir': 'C:\\Users\\EUG\\.dbt', 'use_colors': 'True', 'hints_enabled': 'True', 'invocation_command': 'dbt debug', 'use_experimental_parser': 'False', 'indirect_selection': 'eager', 'log_path': 'logs'}
[0m20:02:55.692309 [info ] [MainThread]: dbt version: 1.12.3
[0m20:02:55.693260 [info ] [MainThread]: python version: 3.10.0
[0m20:02:55.693260 [info ] [MainThread]: python path: C:\Users\EUG\Desktop\Dbt_Projects\Project-B\dbt-env\Scripts\python.exe
[0m20:02:55.694256 [info ] [MainThread]: os info: Windows-10-10.0.22631-SP0
[0m20:02:56.450272 [debug] [MainThread]: Snowflake adapter: Setting snowflake.connector to ERROR (file logging only)
[0m20:02:56.450808 [debug] [MainThread]: Snowflake adapter: Setting botocore to ERROR (file logging only)
[0m20:02:56.451825 [debug] [MainThread]: Snowflake adapter: Setting boto3 to ERROR (file logging only)
[0m20:02:56.707348 [info ] [MainThread]: Using profiles dir at C:\Users\EUG\.dbt
[0m20:02:56.709301 [info ] [MainThread]: Using profiles.yml file at C:\Users\EUG\.dbt\profiles.yml
[0m20:02:56.710297 [info ] [MainThread]: Using dbt_project.yml file at C:\Users\EUG\Desktop\Dbt_Projects\Project-B\dbt_project.yml
[0m20:02:56.710805 [error] [MainThread]: [[31mERROR[0m]: Encountered an error:
Internal Error
  Profile should not be None if loading profile completed
[0m20:02:56.712805 [debug] [MainThread]: Command `dbt debug` failed at 20:02:56.712805 after 1.28 seconds
[0m20:02:56.713802 [debug] [MainThread]: Sending event: {'category': 'dbt', 'action': 'invocation', 'label': 'end', 'context': [<snowplow_tracker.self_describing_json.SelfDescribingJson object at 0x0000026F8DAA92A0>, <snowplow_tracker.self_describing_json.SelfDescribingJson object at 0x0000026F90E45450>, <snowplow_tracker.self_describing_json.SelfDescribingJson object at 0x0000026F8EF88A60>]}
[0m20:02:56.714799 [debug] [MainThread]: Flushing usage events
[0m20:02:58.124555 [debug] [MainThread]: An error was encountered while trying to flush usage events
[0m20:25:56.656030 [debug] [MainThread]: Sending event: {'category': 'dbt', 'action': 'invocation', 'label': 'start', 'context': [<snowplow_tracker.self_describing_json.SelfDescribingJson object at 0x000002587EF59300>, <snowplow_tracker.self_describing_json.SelfDescribingJson object at 0x00000258004C05E0>, <snowplow_tracker.self_describing_json.SelfDescribingJson object at 0x00000258004C0400>]}


============================== 20:25:56.662755 | 6ae66c7c-582a-4bb3-881f-c853c2c7bc64 ==============================
[0m20:25:56.662755 [info ] [MainThread]: Running with dbt=1.12.3
[0m20:25:56.664748 [debug] [MainThread]: running dbt with arguments {'static_parser': 'True', 'no_print': 'None', 'maximum_seed_size_mib': '1', 'target_path': 'None', 'version_check': 'True', 'warn_error_options': 'WarnErrorOptionsV2(error=[], warn=[], silence=[])', 'printer_width': '80', 'write_json': 'True', 'introspect': 'True', 'log_cache_events': 'False', 'empty': 'None', 'cache_selected_only': 'False', 'log_format': 'default', 'debug': 'False', 'fail_fast': 'False', 'profiles_dir': 'C:\\Users\\EUG\\.dbt', 'send_anonymous_usage_stats': 'True', 'quiet': 'False', 'warn_error': 'None', 'partial_parse': 'True', 'use_colors': 'True', 'hints_enabled': 'True', 'indirect_selection': 'eager', 'use_experimental_parser': 'False', 'invocation_command': 'dbt debug', 'log_path': 'logs'}
[0m20:25:56.717459 [info ] [MainThread]: dbt version: 1.12.3
[0m20:25:56.718468 [info ] [MainThread]: python version: 3.10.0
[0m20:25:56.719977 [info ] [MainThread]: python path: C:\Users\EUG\Desktop\Dbt_Projects\Project-B\dbt-env\Scripts\python.exe
[0m20:25:56.720987 [info ] [MainThread]: os info: Windows-10-10.0.22631-SP0
[0m20:25:57.676124 [debug] [MainThread]: Snowflake adapter: Setting snowflake.connector to ERROR (file logging only)
[0m20:25:57.676124 [debug] [MainThread]: Snowflake adapter: Setting botocore to ERROR (file logging only)
[0m20:25:57.677158 [debug] [MainThread]: Snowflake adapter: Setting boto3 to ERROR (file logging only)
[0m20:25:57.923048 [info ] [MainThread]: Using profiles dir at C:\Users\EUG\.dbt
[0m20:25:57.924011 [info ] [MainThread]: Using profiles.yml file at C:\Users\EUG\.dbt\profiles.yml
[0m20:25:57.925048 [info ] [MainThread]: Using dbt_project.yml file at C:\Users\EUG\Desktop\Dbt_Projects\Project-B\dbt_project.yml
[0m20:25:57.926555 [error] [MainThread]: [[31mERROR[0m]: Encountered an error:
Internal Error
  Profile should not be None if loading profile completed
[0m20:25:57.927588 [debug] [MainThread]: Command `dbt debug` failed at 20:25:57.927588 after 1.48 seconds
[0m20:25:57.928623 [debug] [MainThread]: Sending event: {'category': 'dbt', 'action': 'invocation', 'label': 'end', 'context': [<snowplow_tracker.self_describing_json.SelfDescribingJson object at 0x000002587EF59300>, <snowplow_tracker.self_describing_json.SelfDescribingJson object at 0x000002580043B2E0>, <snowplow_tracker.self_describing_json.SelfDescribingJson object at 0x000002580047D630>]}
[0m20:25:57.928623 [debug] [MainThread]: Flushing usage events
[0m20:25:59.386477 [debug] [MainThread]: An error was encountered while trying to flush usage events
[0m18:34:20.913559 [debug] [MainThread]: Sending event: {'category': 'dbt', 'action': 'invocation', 'label': 'start', 'context': [<snowplow_tracker.self_describing_json.SelfDescribingJson object at 0x000002810C049300>, <snowplow_tracker.self_describing_json.SelfDescribingJson object at 0x000002810D5905E0>, <snowplow_tracker.self_describing_json.SelfDescribingJson object at 0x000002810D590400>]}


============================== 18:34:20.920566 | b5490e23-e71c-408d-bb26-413ad065cd45 ==============================
[0m18:34:20.920566 [info ] [MainThread]: Running with dbt=1.12.3
[0m18:34:20.921504 [debug] [MainThread]: running dbt with arguments {'maximum_seed_size_mib': '1', 'no_print': 'None', 'static_parser': 'True', 'target_path': 'None', 'warn_error_options': 'WarnErrorOptionsV2(error=[], warn=[], silence=[])', 'version_check': 'True', 'printer_width': '80', 'write_json': 'True', 'introspect': 'True', 'log_cache_events': 'False', 'empty': 'None', 'cache_selected_only': 'False', 'fail_fast': 'False', 'debug': 'False', 'log_format': 'default', 'profiles_dir': 'C:\\Users\\EUG\\.dbt', 'send_anonymous_usage_stats': 'True', 'quiet': 'False', 'warn_error': 'None', 'partial_parse': 'True', 'use_colors': 'True', 'hints_enabled': 'True', 'indirect_selection': 'eager', 'use_experimental_parser': 'False', 'invocation_command': 'dbt init', 'log_path': 'logs'}
[0m18:35:12.984429 [error] [MainThread]: [[31mERROR[0m]: Encountered an error:

[0m18:35:12.987422 [error] [MainThread]: Traceback (most recent call last):
  File "C:\Users\EUG\Desktop\Dbt_Projects\Project-B\dbt-env\lib\site-packages\dbt\cli\requires.py", line 198, in wrapper
    result, success = func(*args, **kwargs)
  File "C:\Users\EUG\Desktop\Dbt_Projects\Project-B\dbt-env\lib\site-packages\dbt\cli\requires.py", line 144, in wrapper
    return func(*args, **kwargs)
  File "C:\Users\EUG\Desktop\Dbt_Projects\Project-B\dbt-env\lib\site-packages\dbt\cli\main.py", line 504, in init
    results = task.run()
  File "C:\Users\EUG\Desktop\Dbt_Projects\Project-B\dbt-env\lib\site-packages\dbt\task\init.py", line 340, in run
    project_name = self.get_valid_project_name()
  File "C:\Users\EUG\Desktop\Dbt_Projects\Project-B\dbt-env\lib\site-packages\dbt\task\init.py", line 281, in get_valid_project_name
    name = click.prompt("Enter a name for your project (letters, digits, underscore)")
  File "C:\Users\EUG\Desktop\Dbt_Projects\Project-B\dbt-env\lib\site-packages\click\termui.py", line 218, in prompt
    value = prompt_func(prompt)
  File "C:\Users\EUG\Desktop\Dbt_Projects\Project-B\dbt-env\lib\site-packages\click\termui.py", line 201, in prompt_func
    raise Abort() from None
click.exceptions.Abort

[0m18:35:12.989416 [debug] [MainThread]: Command `dbt init` failed at 18:35:12.989416 after 52.23 seconds
[0m18:35:12.990413 [debug] [MainThread]: Sending event: {'category': 'dbt', 'action': 'invocation', 'label': 'end', 'context': [<snowplow_tracker.self_describing_json.SelfDescribingJson object at 0x000002810C049300>, <snowplow_tracker.self_describing_json.SelfDescribingJson object at 0x000002810D550160>, <snowplow_tracker.self_describing_json.SelfDescribingJson object at 0x000002810D5501C0>]}
[0m18:35:12.990413 [debug] [MainThread]: Flushing usage events
[0m18:35:14.433878 [debug] [MainThread]: An error was encountered while trying to flush usage events
